[exp28 02:52:12] E2: eps0_cert grid search
[exp28 02:52:12] E1: one-sided closed-form referee
[exp28 02:52:13] E3: reference census of the target
[exp28 02:52:14] E3 [1/33]: kernel(t0=0.392699,a=0.000000,b=0.000000)
[exp28 02:52:39] E3 [2/33]: kernel(t0=0.392699,a=0.000000,b=1.570796)
[exp28 02:52:58] E3 [3/33]: kernel(t0=0.392699,a=1.570796,b=0.000000)
[exp28 02:53:49] E3 [4/33]: kernel(t0=0.392699,a=1.570796,b=1.570796)
[exp28 02:54:12] E3 [5/33]: kernel(t0=1.178097,a=0.000000,b=0.000000)
[exp28 02:54:40] E3 [6/33]: kernel(t0=1.178097,a=0.000000,b=1.570796)
[exp28 02:55:07] E3 [7/33]: kernel(t0=1.178097,a=1.570796,b=0.000000)
[exp28 02:55:48] E3 [8/33]: kernel(t0=1.178097,a=1.570796,b=1.570796)
[exp28 02:56:04] E3 [9/33]: random(137028,0)
[exp28 02:57:18] E3 [10/33]: random(137028,1)
[exp28 02:57:45] E3 [11/33]: random(137028,2)
[exp28 02:58:45] E3 [12/33]: random(137028,3)
[exp28 03:00:00] E3 [13/33]: random(137028,4)
[exp28 03:00:51] E3 [14/33]: random(137028,5)
[exp28 03:02:06] E3 [15/33]: random(137028,6)
[exp28 03:03:15] E3 [16/33]: random(137028,7)
[exp28 03:04:19] E3 [17/33]: random(137028,8)
[exp28 03:05:36] E3 [18/33]: random(137028,9)
[exp28 03:06:04] E3 [19/33]: random(137028,10)
[exp28 03:06:22] E3 [20/33]: random(137028,11)
[exp28 03:07:49] E3 [21/33]: random(137028,12)
[exp28 03:08:26] E3 [22/33]: random(137028,13)
[exp28 03:09:48] E3 [23/33]: random(137028,14)
[exp28 03:10:15] E3 [24/33]: random(137028,15)
[exp28 03:11:07] E3 [25/33]: random(137028,16)
[exp28 03:12:29] E3 [26/33]: random(137028,17)
[exp28 03:13:47] E3 [27/33]: random(137028,18)
[exp28 03:15:02] E3 [28/33]: random(137028,19)
[exp28 03:15:25] E3 [29/33]: random(137028,20)
[exp28 03:16:15] E3 [30/33]: random(137028,21)
[exp28 03:16:39] E3 [31/33]: random(137028,22)
[exp28 03:18:04] E3 [32/33]: random(137028,23)
[exp28 03:19:02] E3 [33/33]: exp25_endpoint(t11/coherent/K=2)
[exp28 03:23:46] E4: exp25 consistency
[exp28 03:23:46] E5: trefoil grid margins (numerically supported only)
[exp28 03:24:16] done in 1923.6s; halted_at=None
