t11/coherent/K=1: 1-F = 8.647e-01 | comps=0 linked=False maxw=0 trefoil=False
t11/coherent/K=2: 1-F = 6.321e-01 | comps=1 linked=False maxw=1 trefoil=False
t11/coherent/K=3: 1-F = 4.080e-01 | comps=1 linked=False maxw=2 trefoil=False
t11/coherent/K=4: 1-F = 1.600e-04 | comps=2 linked=True maxw=1 trefoil=False
t11/gaussian/K=1: 1-F = 7.500e-01 | comps=0 linked=False maxw=0 trefoil=False
t11/gaussian/K=2: 1-F = 1.322e-04 | comps=2 linked=True maxw=1 trefoil=False
t11/gaussian/K=3: 1-F = 2.348e-05 | comps=2 linked=True maxw=1 trefoil=False
t11/gaussian/K=4: 1-F = 1.393e-05 | comps=2 linked=True maxw=1 trefoil=False
trefoil/coherent/K=1: 1-F = 8.268e-01 | comps=0 linked=False maxw=0 trefoil=False
trefoil/coherent/K=2: 1-F = 6.353e-01 | comps=1 linked=False maxw=1 trefoil=False
trefoil/coherent/K=3: 1-F = 3.600e-01 | comps=1 linked=False maxw=2 trefoil=False
trefoil/coherent/K=4: 1-F = 2.428e-01 | comps=2 linked=True maxw=1 trefoil=False
trefoil/coherent/K=5: 1-F = 3.698e-03 | comps=1 linked=False maxw=3 trefoil=True
trefoil/coherent/K=6: 1-F = 9.601e-04 | comps=1 linked=False maxw=3 trefoil=True
trefoil/gaussian/K=1: 1-F = 7.560e-01 | comps=0 linked=False maxw=0 trefoil=False
trefoil/gaussian/K=2: 1-F = 3.531e-01 | comps=2 linked=True maxw=1 trefoil=False
trefoil/gaussian/K=3: 1-F = 6.041e-02 | comps=1 linked=False maxw=3 trefoil=True
trefoil/gaussian/K=4: 1-F = 8.314e-03 | comps=1 linked=False maxw=3 trefoil=True
trefoil/gaussian/K=5: 1-F = 4.782e-03 | comps=1 linked=False maxw=3 trefoil=True
trefoil/gaussian/K=6: 1-F = 3.255e-03 | comps=1 linked=False maxw=3 trefoil=True
verdicts: {"census_failures": [], "crosscheck_exp24_e4_consistent": true, "crosscheck_exp24_e4_max_abs_diff": 7.369257398814888e-05, "pa_11_gauss_k2_reaches_target_with_hopf_link": true, "pb_all_coherent_k_le_2_unlinked": true, "pc_all_gaussian_k2_max_winding_le_2": true, "pd_first_linked_K": {"t11/coherent": {"K": 4, "indeterminate_below": []}, "t11/gaussian": {"K": 2, "indeterminate_below": []}}, "pd_first_trefoil_winding_K": {"trefoil/coherent": {"K": 5, "indeterminate_below": []}, "trefoil/gaussian": {"K": 3, "indeterminate_below": []}}, "pe_trefoil_gauss_k6_fidelity": 0.996745152761422}
artifacts: topological_kcurves.json, out_run.log, topological_kcurves.png, README generated block
